12:46:55,523 |-INFO in ch.qos.logback.classic.LoggerContext[default] - This is logback-classic version 1.5.11
12:46:55,526 |-INFO in ch.qos.logback.classic.util.ContextInitializer@1d2bd371 - Here is a list of configurators discovered as a service, by rank: 
12:46:55,526 |-INFO in ch.qos.logback.classic.util.ContextInitializer@1d2bd371 -   org.springframework.boot.logging.logback.RootLogLevelConfigurator
12:46:55,526 |-INFO in ch.qos.logback.classic.util.ContextInitializer@1d2bd371 - They will be invoked in order until ExecutionStatus.DO_NOT_INVOKE_NEXT_IF_ANY is returned.
12:46:55,526 |-INFO in ch.qos.logback.classic.util.ContextInitializer@1d2bd371 - Constructed configurator of type class org.springframework.boot.logging.logback.RootLogLevelConfigurator
12:46:55,532 |-INFO in ch.qos.logback.classic.util.ContextInitializer@1d2bd371 - org.springframework.boot.logging.logback.RootLogLevelConfigurator.configure() call lasted 0 milliseconds. ExecutionStatus=INVOKE_NEXT_IF_ANY
12:46:55,532 |-INFO in ch.qos.logback.classic.util.ContextInitializer@1d2bd371 - Trying to configure with ch.qos.logback.classic.joran.SerializedModelConfigurator
12:46:55,532 |-INFO in ch.qos.logback.classic.util.ContextInitializer@1d2bd371 - Constructed configurator of type class ch.qos.logback.classic.joran.SerializedModelConfigurator
12:46:55,533 |-INFO in ch.qos.logback.classic.LoggerContext[default] - Could NOT find resource [logback-test.scmo]
12:46:55,534 |-INFO in ch.qos.logback.classic.LoggerContext[default] - Could NOT find resource [logback.scmo]
12:46:55,534 |-INFO in ch.qos.logback.classic.util.ContextInitializer@1d2bd371 - ch.qos.logback.classic.joran.SerializedModelConfigurator.configure() call lasted 2 milliseconds. ExecutionStatus=INVOKE_NEXT_IF_ANY
12:46:55,534 |-INFO in ch.qos.logback.classic.util.ContextInitializer@1d2bd371 - Trying to configure with ch.qos.logback.classic.util.DefaultJoranConfigurator
12:46:55,534 |-INFO in ch.qos.logback.classic.util.ContextInitializer@1d2bd371 - Constructed configurator of type class ch.qos.logback.classic.util.DefaultJoranConfigurator
12:46:55,535 |-INFO in ch.qos.logback.classic.LoggerContext[default] - Could NOT find resource [logback-test.xml]
12:46:55,536 |-INFO in ch.qos.logback.classic.LoggerContext[default] - Could NOT find resource [logback.xml]
12:46:55,536 |-INFO in ch.qos.logback.classic.util.ContextInitializer@1d2bd371 - ch.qos.logback.classic.util.DefaultJoranConfigurator.configure() call lasted 2 milliseconds. ExecutionStatus=INVOKE_NEXT_IF_ANY
12:46:55,536 |-INFO in ch.qos.logback.classic.util.ContextInitializer@1d2bd371 - Trying to configure with ch.qos.logback.classic.BasicConfigurator
12:46:55,537 |-INFO in ch.qos.logback.classic.util.ContextInitializer@1d2bd371 - Constructed configurator of type class ch.qos.logback.classic.BasicConfigurator
12:46:55,537 |-INFO in ch.qos.logback.classic.BasicConfigurator@44040454 - Setting up default configuration.
12:46:55,553 |-INFO in ch.qos.logback.classic.util.ContextInitializer@1d2bd371 - ch.qos.logback.classic.BasicConfigurator.configure() call lasted 16 milliseconds. ExecutionStatus=NEUTRAL
12:46:55,886 |-INFO in ConfigurationWatchList(mainURL=jar:nested:/home/dev/workspace/bigdata-script-box/target/script-box.jar/!BOOT-INF/classes/!/logback-spring.xml, fileWatchList={}, urlWatchList=[}) - URL [jar:nested:/home/dev/workspace/bigdata-script-box/target/script-box.jar/!BOOT-INF/classes/!/logback-spring.xml] is not of type file
12:46:55,940 |-WARN in ch.qos.logback.classic.model.processor.ConfigurationModelHandlerFull - Missing watchable .xml or .properties files.
12:46:55,940 |-WARN in ch.qos.logback.classic.model.processor.ConfigurationModelHandlerFull - Watching .xml files requires that the main configuration file is reachable as a URL
12:46:55,941 |-INFO in ch.qos.logback.core.model.processor.AppenderModelHandler - Processing appender named [CONSOLE]
12:46:55,941 |-INFO in ch.qos.logback.core.model.processor.AppenderModelHandler - About to instantiate appender of type [ch.qos.logback.core.ConsoleAppender]
12:46:55,944 |-INFO in ch.qos.logback.core.model.processor.ImplicitModelHandler - Assuming default type [ch.qos.logback.classic.encoder.PatternLayoutEncoder] for [encoder] property
12:46:55,954 |-INFO in ch.qos.logback.core.model.processor.AppenderModelHandler - Processing appender named [FILE]
12:46:55,954 |-INFO in ch.qos.logback.core.model.processor.AppenderModelHandler - About to instantiate appender of type [ch.qos.logback.core.rolling.RollingFileAppender]
12:46:55,956 |-INFO in ch.qos.logback.core.model.processor.ModelInterpretationContext@42f8285e - value "./logs/scriptbox.log" substituted for "${LOG_DIR}/scriptbox.log"
12:46:55,957 |-INFO in ch.qos.logback.core.model.processor.ModelInterpretationContext@42f8285e - value "./logs/scriptbox.%d{yyyy-MM-dd}.log.gz" substituted for "${LOG_DIR}/scriptbox.%d{yyyy-MM-dd}.log.gz"
12:46:55,958 |-INFO in c.q.l.core.rolling.TimeBasedRollingPolicy@649769713 - setting totalSizeCap to 1 GB
12:46:55,960 |-INFO in c.q.l.core.rolling.TimeBasedRollingPolicy@649769713 - Will use gz compression
12:46:55,960 |-INFO in c.q.l.core.rolling.TimeBasedRollingPolicy@649769713 - Will use the pattern ./logs/scriptbox.%d{yyyy-MM-dd}.log for the active file
12:46:55,975 |-INFO in c.q.l.core.rolling.DefaultTimeBasedFileNamingAndTriggeringPolicy - The date pattern is 'yyyy-MM-dd' from file name pattern './logs/scriptbox.%d{yyyy-MM-dd}.log.gz'.
12:46:55,975 |-INFO in c.q.l.core.rolling.DefaultTimeBasedFileNamingAndTriggeringPolicy - Roll-over at midnight.
12:46:55,978 |-INFO in c.q.l.core.rolling.DefaultTimeBasedFileNamingAndTriggeringPolicy - Setting initial period to 2026-09-12T04:46:51.232Z
12:46:55,979 |-INFO in ch.qos.logback.core.model.processor.ImplicitModelHandler - Assuming default type [ch.qos.logback.classic.encoder.PatternLayoutEncoder] for [encoder] property
12:46:55,981 |-INFO in ch.qos.logback.core.rolling.RollingFileAppender[FILE] - Active log file name: ./logs/scriptbox.log
12:46:55,981 |-INFO in ch.qos.logback.core.rolling.RollingFileAppender[FILE] - File property is set to [./logs/scriptbox.log]
12:46:55,982 |-INFO in ch.qos.logback.classic.model.processor.RootLoggerModelHandler - Setting level of ROOT logger to INFO
12:46:55,982 |-INFO in ch.qos.logback.classic.jul.LevelChangePropagator@3724af13 - Propagating INFO level on Logger[ROOT] onto the JUL framework
12:46:55,982 |-INFO in ch.qos.logback.core.model.processor.AppenderRefModelHandler - Attaching appender named [CONSOLE] to Logger[ROOT]
12:46:55,982 |-INFO in ch.qos.logback.core.model.processor.AppenderRefModelHandler - Attaching appender named [FILE] to Logger[ROOT]
12:46:55,983 |-INFO in ch.qos.logback.classic.model.processor.LoggerModelHandler - Setting level of logger [com.bigdata.scriptbox] to INFO
12:46:55,983 |-INFO in ch.qos.logback.classic.jul.LevelChangePropagator@3724af13 - Propagating INFO level on Logger[com.bigdata.scriptbox] onto the JUL framework
12:46:55,983 |-INFO in ch.qos.logback.core.model.processor.DefaultProcessor@68ead359 - End of configuration.
12:46:55,983 |-INFO in org.springframework.boot.logging.logback.SpringBootJoranConfigurator@6b53bcc2 - Registering current configuration as safe fallback point


  .   ____          _            __ _ _
 /\\ / ___'_ __ _ _(_)_ __  __ _ \ \ \ \
( ( )\___ | '_ | '_| | '_ \/ _` | \ \ \ \
 \\/  ___)| |_)| | | | | || (_| |  ) ) ) )
  '  |____| .__|_| |_|_| |_\__, | / / / /
 =========|_|==============|___/=/_/_/_/

 :: Spring Boot ::                (v3.3.5)

2026-09-12 12:46:56.024 INFO  [background-preinit] o.h.validator.internal.util.Version - HV000001: Hibernate Validator 8.0.1.Final
2026-09-12 12:46:56.062 INFO  [main] c.b.scriptbox.ScriptBoxApplication - Starting ScriptBoxApplication v1.0.0 using Java 17.0.15 with PID 138766 (/home/dev/workspace/bigdata-script-box/target/script-box.jar started by dev in /home/dev/workspace/bigdata-script-box)
2026-09-12 12:46:56.063 INFO  [main] c.b.scriptbox.ScriptBoxApplication - No active profile set, falling back to 1 default profile: "default"
2026-09-12 12:46:56.867 INFO  [main] o.s.b.w.e.tomcat.TomcatWebServer - Tomcat initialized with port 80 (http)
2026-09-12 12:46:56.873 INFO  [main] o.a.coyote.http11.Http11NioProtocol - Initializing ProtocolHandler ["http-nio-80"]
2026-09-12 12:46:56.875 INFO  [main] o.a.catalina.core.StandardService - Starting service [Tomcat]
2026-09-12 12:46:56.875 INFO  [main] o.a.catalina.core.StandardEngine - Starting Servlet engine: [Apache Tomcat/10.1.31]
2026-09-12 12:46:56.898 INFO  [main] o.a.c.c.C.[Tomcat].[localhost].[/] - Initializing Spring embedded WebApplicationContext
2026-09-12 12:46:56.898 INFO  [main] o.s.b.w.s.c.ServletWebServerApplicationContext - Root WebApplicationContext: initialization completed in 801 ms
2026-09-12 12:46:56.922 INFO  [main] com.zaxxer.hikari.HikariDataSource - HikariPool-1 - Starting...
2026-09-12 12:46:57.121 INFO  [main] com.zaxxer.hikari.pool.HikariPool - HikariPool-1 - Added connection conn0: url=jdbc:h2:file:./data/db/scriptbox user=SA
2026-09-12 12:46:57.122 INFO  [main] com.zaxxer.hikari.HikariDataSource - HikariPool-1 - Start completed.
2026-09-12 12:46:57.135 INFO  [main] o.s.b.a.h.H2ConsoleAutoConfiguration - H2 console available at '/h2-console'. Database available at 'jdbc:h2:file:./data/db/scriptbox'
 _ _   |_  _ _|_. ___ _ |    _ 
| | |\/|_)(_| | |_\  |_)||_|_\ 
     /               |         
                        3.5.7 
2026-09-12 12:46:57.756 INFO  [main] c.b.s.service.ExecutionRunner - ExecutionRunner: 异步池就绪 core=2 max=5 queue=64 prefix=exec-runner-
2026-09-12 12:46:57.886 INFO  [main] o.s.b.a.w.s.WelcomePageHandlerMapping - Adding welcome page: class path resource [static/index.html]
2026-09-12 12:46:58.131 INFO  [main] o.a.coyote.http11.Http11NioProtocol - Starting ProtocolHandler ["http-nio-80"]
2026-09-12 12:46:58.142 INFO  [main] o.s.b.w.e.tomcat.TomcatWebServer - Tomcat started on port 80 (http) with context path '/'
2026-09-12 12:46:58.150 INFO  [main] c.b.scriptbox.ScriptBoxApplication - Started ScriptBoxApplication in 2.494 seconds (process running for 2.881)
2026-09-12 12:46:58.217 WARN  [main] c.b.s.service.StartupReconciler - StartupReconciler: 扫表发现 1 条残留活跃执行，已改写为 INTERRUPTED（原因：process_restart）
2026-09-12 12:46:58.217 INFO  [main] c.b.s.service.StartupReconciler - StartupReconciler: 残留行 executionId=1789188392806001 scriptId=11 tenantId=1 原 status=RUNNING
2026-09-12 12:46:58.218 INFO  [main] c.b.scriptbox.config.StartupLogger - BigData Script Box 启动完成，运行模式=true，并发上限=5，保留天数(history=30d, artifact=30d, execution=30d, log=3d)
2026-09-12 12:46:58.219 INFO  [main] c.b.scriptbox.config.StartupLogger - 数据路径：data=/home/dev/workspace/bigdata-script-box/data
2026-09-12 12:46:58.219 INFO  [main] c.b.scriptbox.config.StartupLogger - 脚本路径：scripts=/home/dev/workspace/bigdata-script-box/data/scripts
2026-09-12 12:46:58.219 INFO  [main] c.b.scriptbox.config.StartupLogger - 执行路径：executions=/home/dev/workspace/bigdata-script-box/data/executions
2026-09-12 12:46:58.220 INFO  [main] c.b.scriptbox.config.StartupLogger - 日志路径：logs=/home/dev/workspace/bigdata-script-box/logs
2026-09-12 12:47:01.314 INFO  [http-nio-80-exec-1] o.a.c.c.C.[Tomcat].[localhost].[/] - Initializing Spring DispatcherServlet 'dispatcherServlet'
2026-09-12 12:47:01.314 INFO  [http-nio-80-exec-1] o.s.web.servlet.DispatcherServlet - Initializing Servlet 'dispatcherServlet'
2026-09-12 12:47:01.315 INFO  [http-nio-80-exec-1] o.s.web.servlet.DispatcherServlet - Completed initialization in 1 ms
